
> @workspace/mj-astro@0.0.1 dev
> astro dev

[vite] connected.
03:25:32 [types] Generated 2ms
03:25:32 [vite] Re-optimizing dependencies because vite config has changed
 astro  v6.3.1 ready in 3833 ms
┃ Local    http://localhost:4321/
┃ Network  use --host to expose
03:25:32 watching for file changes...
03:26:30 [200] / 126ms
04:00:12 Configuration file updated. Restarting...
[vite] connected.
04:00:21 [vite] Re-optimizing dependencies because lockfile has changed
04:00:21 [vite] server restarted.
[vite] connected.
04:06:28 Configuration file updated. Restarting...
[vite] connected.
04:06:31 [vite] Re-optimizing dependencies because lockfile has changed
04:06:31 [vite] server restarted.
[vite] connected.
20:27:30 [vite] .env changed, restarting server...
[vite] connected.
20:27:45 [vite] server restarted.
20:31:24 [vite] .env changed, restarting server...
[vite] connected.
20:31:27 [vite] server restarted.
[vite] connected.
20:45:45 [watch] src/content.config.ts
[vite] program reload
21:10:44 [vite] .env changed, restarting server...
[vite] connected.
21:10:48 [vite] server restarted.
22:23:16 [vite] .env changed, restarting server...
[vite] connected.
22:23:31 [vite] server restarted.
22:25:47 [vite] .env changed, restarting server...
[vite] connected.
22:25:51 [vite] server restarted.
[vite] connected.
14:46:27 [watch] src/content.config.ts
[vite] program reload
⚠️ NOTION_TOKEN is missing. The build may fail if Notion Content Collections are queried.
⚠️ NOTION_TOKEN is missing. The build may fail if Notion Content Collections are queried.
⚠️ NOTION_TOKEN is missing. The build may fail if Notion Content Collections are queried.
⚠️ NOTION_TOKEN is missing. The build may fail if Notion Content Collections are queried.
